// Jest Snapshot v1, https://goo.gl/fbAQLP

exports[`instance should be vue instance 1`] = `
"<v-row-stub tag=\\"div\\"><v-col-stub cols=\\"12\\" sm=\\"4\\" tag=\\"div\\" class=\\"custom-select\\"><v-select-stub disabled=\\"true\\" errorcount=\\"1\\" errormessages=\\"\\" messages=\\"\\" rules=\\"\\" successmessages=\\"\\" appendicon=\\"$dropdown\\" backgroundcolor=\\"\\" label=\\"攻撃カスタム\\" loaderheight=\\"2\\" clearable=\\"true\\" clearicon=\\"$clear\\" type=\\"text\\" valuecomparator=\\"function deepEqual(a, b) {
  if (a === b) return true;

  if (a instanceof Date &amp;&amp; b instanceof Date) {
    // If the values are Date, they were convert to timestamp with getTime and compare it
    if (a.getTime() !== b.getTime()) return false;
  }

  if (a !== Object(a) || b !== Object(b)) {
    // If the values aren't objects, they were already checked for equality
    return false;
  }

  var props = Object.keys(a);

  if (props.length !== Object.keys(b).length) {
    // Different number of props, don't bother to check
    return false;
  }

  return props.every(function (p) {
    return deepEqual(a[p], b[p]);
  });
}\\" nodatatext=\\"$vuetify.noDataText\\" items=\\"\\" itemcolor=\\"primary\\" itemdisabled=\\"disabled\\" itemtext=\\"function () { [native code] }\\" itemvalue=\\"value\\" menuprops=\\"[object Object]\\" returnobject=\\"true\\"></v-select-stub></v-col-stub> <v-col-stub cols=\\"12\\" sm=\\"4\\" tag=\\"div\\" class=\\"custom-select\\"><v-select-stub disabled=\\"true\\" errorcount=\\"1\\" errormessages=\\"\\" messages=\\"\\" rules=\\"\\" successmessages=\\"\\" appendicon=\\"$dropdown\\" backgroundcolor=\\"\\" label=\\"会心カスタム\\" loaderheight=\\"2\\" clearable=\\"true\\" clearicon=\\"$clear\\" type=\\"text\\" valuecomparator=\\"function deepEqual(a, b) {
  if (a === b) return true;

  if (a instanceof Date &amp;&amp; b instanceof Date) {
    // If the values are Date, they were convert to timestamp with getTime and compare it
    if (a.getTime() !== b.getTime()) return false;
  }

  if (a !== Object(a) || b !== Object(b)) {
    // If the values aren't objects, they were already checked for equality
    return false;
  }

  var props = Object.keys(a);

  if (props.length !== Object.keys(b).length) {
    // Different number of props, don't bother to check
    return false;
  }

  return props.every(function (p) {
    return deepEqual(a[p], b[p]);
  });
}\\" nodatatext=\\"$vuetify.noDataText\\" items=\\"\\" itemcolor=\\"primary\\" itemdisabled=\\"disabled\\" itemtext=\\"function () { [native code] }\\" itemvalue=\\"value\\" menuprops=\\"[object Object]\\" returnobject=\\"true\\"></v-select-stub></v-col-stub> <v-col-stub cols=\\"12\\" sm=\\"4\\" tag=\\"div\\" class=\\"custom-select\\"><v-select-stub disabled=\\"true\\" errorcount=\\"1\\" errormessages=\\"\\" messages=\\"\\" rules=\\"\\" successmessages=\\"\\" appendicon=\\"$dropdown\\" backgroundcolor=\\"\\" label=\\"属性カスタム\\" loaderheight=\\"2\\" clearable=\\"true\\" clearicon=\\"$clear\\" type=\\"text\\" valuecomparator=\\"function deepEqual(a, b) {
  if (a === b) return true;

  if (a instanceof Date &amp;&amp; b instanceof Date) {
    // If the values are Date, they were convert to timestamp with getTime and compare it
    if (a.getTime() !== b.getTime()) return false;
  }

  if (a !== Object(a) || b !== Object(b)) {
    // If the values aren't objects, they were already checked for equality
    return false;
  }

  var props = Object.keys(a);

  if (props.length !== Object.keys(b).length) {
    // Different number of props, don't bother to check
    return false;
  }

  return props.every(function (p) {
    return deepEqual(a[p], b[p]);
  });
}\\" nodatatext=\\"$vuetify.noDataText\\" items=\\"\\" itemcolor=\\"primary\\" itemdisabled=\\"disabled\\" itemtext=\\"function () { [native code] }\\" itemvalue=\\"value\\" menuprops=\\"[object Object]\\" returnobject=\\"true\\"></v-select-stub></v-col-stub></v-row-stub>"
`;
