// Jest Snapshot v1, https://goo.gl/fbAQLP

exports[`instance should be vue instance 1`] = `
"<v-container-stub tag=\\"div\\"><v-row-stub tag=\\"div\\"><v-col-stub tag=\\"div\\"><div class=\\"headline\\">スキル</div></v-col-stub></v-row-stub> <v-row-stub tag=\\"div\\"><v-col-stub cols=\\"4\\" md=\\"2\\" tag=\\"div\\"><v-select-stub errorcount=\\"1\\" errormessages=\\"\\" messages=\\"\\" rules=\\"\\" successmessages=\\"\\" appendicon=\\"$dropdown\\" backgroundcolor=\\"\\" label=\\"攻撃\\" loaderheight=\\"2\\" clearable=\\"true\\" clearicon=\\"$clear\\" type=\\"text\\" valuecomparator=\\"function deepEqual(a, b) {
  if (a === b) return true;

  if (a instanceof Date &amp;&amp; b instanceof Date) {
    // If the values are Date, they were convert to timestamp with getTime and compare it
    if (a.getTime() !== b.getTime()) return false;
  }

  if (a !== Object(a) || b !== Object(b)) {
    // If the values aren't objects, they were already checked for equality
    return false;
  }

  var props = Object.keys(a);

  if (props.length !== Object.keys(b).length) {
    // Different number of props, don't bother to check
    return false;
  }

  return props.every(function (p) {
    return deepEqual(a[p], b[p]);
  });
}\\" nodatatext=\\"$vuetify.noDataText\\" items=\\"[object Object],[object Object],[object Object],[object Object],[object Object],[object Object],[object Object]\\" itemcolor=\\"primary\\" itemdisabled=\\"disabled\\" itemtext=\\"function () { [native code] }\\" itemvalue=\\"value\\" menuprops=\\"[object Object]\\"></v-select-stub></v-col-stub> <v-col-stub cols=\\"4\\" md=\\"2\\" tag=\\"div\\"><v-select-stub errorcount=\\"1\\" errormessages=\\"\\" messages=\\"\\" rules=\\"\\" successmessages=\\"\\" appendicon=\\"$dropdown\\" backgroundcolor=\\"\\" label=\\"見切り\\" loaderheight=\\"2\\" clearable=\\"true\\" clearicon=\\"$clear\\" type=\\"text\\" valuecomparator=\\"function deepEqual(a, b) {
  if (a === b) return true;

  if (a instanceof Date &amp;&amp; b instanceof Date) {
    // If the values are Date, they were convert to timestamp with getTime and compare it
    if (a.getTime() !== b.getTime()) return false;
  }

  if (a !== Object(a) || b !== Object(b)) {
    // If the values aren't objects, they were already checked for equality
    return false;
  }

  var props = Object.keys(a);

  if (props.length !== Object.keys(b).length) {
    // Different number of props, don't bother to check
    return false;
  }

  return props.every(function (p) {
    return deepEqual(a[p], b[p]);
  });
}\\" nodatatext=\\"$vuetify.noDataText\\" items=\\"[object Object],[object Object],[object Object],[object Object],[object Object],[object Object],[object Object]\\" itemcolor=\\"primary\\" itemdisabled=\\"disabled\\" itemtext=\\"function () { [native code] }\\" itemvalue=\\"value\\" menuprops=\\"[object Object]\\"></v-select-stub></v-col-stub> <v-col-stub cols=\\"4\\" md=\\"2\\" tag=\\"div\\"><v-select-stub errorcount=\\"1\\" errormessages=\\"\\" messages=\\"\\" rules=\\"\\" successmessages=\\"\\" value=\\"3\\" appendicon=\\"$dropdown\\" backgroundcolor=\\"\\" label=\\"弱点特効\\" loaderheight=\\"2\\" clearable=\\"true\\" clearicon=\\"$clear\\" type=\\"text\\" valuecomparator=\\"function deepEqual(a, b) {
  if (a === b) return true;

  if (a instanceof Date &amp;&amp; b instanceof Date) {
    // If the values are Date, they were convert to timestamp with getTime and compare it
    if (a.getTime() !== b.getTime()) return false;
  }

  if (a !== Object(a) || b !== Object(b)) {
    // If the values aren't objects, they were already checked for equality
    return false;
  }

  var props = Object.keys(a);

  if (props.length !== Object.keys(b).length) {
    // Different number of props, don't bother to check
    return false;
  }

  return props.every(function (p) {
    return deepEqual(a[p], b[p]);
  });
}\\" nodatatext=\\"$vuetify.noDataText\\" items=\\"[object Object],[object Object],[object Object]\\" itemcolor=\\"primary\\" itemdisabled=\\"disabled\\" itemtext=\\"function () { [native code] }\\" itemvalue=\\"value\\" menuprops=\\"[object Object]\\"></v-select-stub></v-col-stub> <v-col-stub cols=\\"4\\" md=\\"2\\" tag=\\"div\\"><v-select-stub errorcount=\\"1\\" errormessages=\\"\\" messages=\\"\\" rules=\\"\\" successmessages=\\"\\" appendicon=\\"$dropdown\\" backgroundcolor=\\"\\" label=\\"超会心\\" loaderheight=\\"2\\" clearable=\\"true\\" clearicon=\\"$clear\\" type=\\"text\\" valuecomparator=\\"function deepEqual(a, b) {
  if (a === b) return true;

  if (a instanceof Date &amp;&amp; b instanceof Date) {
    // If the values are Date, they were convert to timestamp with getTime and compare it
    if (a.getTime() !== b.getTime()) return false;
  }

  if (a !== Object(a) || b !== Object(b)) {
    // If the values aren't objects, they were already checked for equality
    return false;
  }

  var props = Object.keys(a);

  if (props.length !== Object.keys(b).length) {
    // Different number of props, don't bother to check
    return false;
  }

  return props.every(function (p) {
    return deepEqual(a[p], b[p]);
  });
}\\" nodatatext=\\"$vuetify.noDataText\\" items=\\"[object Object],[object Object],[object Object]\\" itemcolor=\\"primary\\" itemdisabled=\\"disabled\\" itemtext=\\"function () { [native code] }\\" itemvalue=\\"value\\" menuprops=\\"[object Object]\\"></v-select-stub></v-col-stub> <v-col-stub cols=\\"4\\" md=\\"2\\" tag=\\"div\\"><v-select-stub errorcount=\\"1\\" errormessages=\\"\\" messages=\\"\\" rules=\\"\\" successmessages=\\"\\" appendicon=\\"$dropdown\\" backgroundcolor=\\"\\" label=\\"挑戦者\\" loaderheight=\\"2\\" clearable=\\"true\\" clearicon=\\"$clear\\" type=\\"text\\" valuecomparator=\\"function deepEqual(a, b) {
  if (a === b) return true;

  if (a instanceof Date &amp;&amp; b instanceof Date) {
    // If the values are Date, they were convert to timestamp with getTime and compare it
    if (a.getTime() !== b.getTime()) return false;
  }

  if (a !== Object(a) || b !== Object(b)) {
    // If the values aren't objects, they were already checked for equality
    return false;
  }

  var props = Object.keys(a);

  if (props.length !== Object.keys(b).length) {
    // Different number of props, don't bother to check
    return false;
  }

  return props.every(function (p) {
    return deepEqual(a[p], b[p]);
  });
}\\" nodatatext=\\"$vuetify.noDataText\\" items=\\"[object Object],[object Object],[object Object],[object Object],[object Object],[object Object],[object Object]\\" itemcolor=\\"primary\\" itemdisabled=\\"disabled\\" itemtext=\\"function () { [native code] }\\" itemvalue=\\"value\\" menuprops=\\"[object Object]\\"></v-select-stub></v-col-stub> <v-col-stub cols=\\"4\\" md=\\"2\\" tag=\\"div\\"><v-select-stub errorcount=\\"1\\" errormessages=\\"\\" messages=\\"\\" rules=\\"\\" successmessages=\\"\\" appendicon=\\"$dropdown\\" backgroundcolor=\\"\\" label=\\"フルチャージ\\" loaderheight=\\"2\\" clearable=\\"true\\" clearicon=\\"$clear\\" type=\\"text\\" valuecomparator=\\"function deepEqual(a, b) {
  if (a === b) return true;

  if (a instanceof Date &amp;&amp; b instanceof Date) {
    // If the values are Date, they were convert to timestamp with getTime and compare it
    if (a.getTime() !== b.getTime()) return false;
  }

  if (a !== Object(a) || b !== Object(b)) {
    // If the values aren't objects, they were already checked for equality
    return false;
  }

  var props = Object.keys(a);

  if (props.length !== Object.keys(b).length) {
    // Different number of props, don't bother to check
    return false;
  }

  return props.every(function (p) {
    return deepEqual(a[p], b[p]);
  });
}\\" nodatatext=\\"$vuetify.noDataText\\" items=\\"[object Object],[object Object],[object Object]\\" itemcolor=\\"primary\\" itemdisabled=\\"disabled\\" itemtext=\\"function () { [native code] }\\" itemvalue=\\"value\\" menuprops=\\"[object Object]\\"></v-select-stub></v-col-stub> <v-col-stub cols=\\"4\\" md=\\"2\\" tag=\\"div\\"><v-select-stub errorcount=\\"1\\" errormessages=\\"\\" messages=\\"\\" rules=\\"\\" successmessages=\\"\\" appendicon=\\"$dropdown\\" backgroundcolor=\\"\\" label=\\"力の解放\\" loaderheight=\\"2\\" clearable=\\"true\\" clearicon=\\"$clear\\" type=\\"text\\" valuecomparator=\\"function deepEqual(a, b) {
  if (a === b) return true;

  if (a instanceof Date &amp;&amp; b instanceof Date) {
    // If the values are Date, they were convert to timestamp with getTime and compare it
    if (a.getTime() !== b.getTime()) return false;
  }

  if (a !== Object(a) || b !== Object(b)) {
    // If the values aren't objects, they were already checked for equality
    return false;
  }

  var props = Object.keys(a);

  if (props.length !== Object.keys(b).length) {
    // Different number of props, don't bother to check
    return false;
  }

  return props.every(function (p) {
    return deepEqual(a[p], b[p]);
  });
}\\" nodatatext=\\"$vuetify.noDataText\\" items=\\"[object Object],[object Object],[object Object],[object Object],[object Object],[object Object],[object Object]\\" itemcolor=\\"primary\\" itemdisabled=\\"disabled\\" itemtext=\\"function () { [native code] }\\" itemvalue=\\"value\\" menuprops=\\"[object Object]\\"></v-select-stub></v-col-stub> <v-col-stub cols=\\"4\\" md=\\"2\\" tag=\\"div\\"><v-select-stub errorcount=\\"1\\" errormessages=\\"\\" messages=\\"\\" rules=\\"\\" successmessages=\\"\\" appendicon=\\"$dropdown\\" backgroundcolor=\\"\\" label=\\"不屈\\" loaderheight=\\"2\\" clearable=\\"true\\" clearicon=\\"$clear\\" type=\\"text\\" valuecomparator=\\"function deepEqual(a, b) {
  if (a === b) return true;

  if (a instanceof Date &amp;&amp; b instanceof Date) {
    // If the values are Date, they were convert to timestamp with getTime and compare it
    if (a.getTime() !== b.getTime()) return false;
  }

  if (a !== Object(a) || b !== Object(b)) {
    // If the values aren't objects, they were already checked for equality
    return false;
  }

  var props = Object.keys(a);

  if (props.length !== Object.keys(b).length) {
    // Different number of props, don't bother to check
    return false;
  }

  return props.every(function (p) {
    return deepEqual(a[p], b[p]);
  });
}\\" nodatatext=\\"$vuetify.noDataText\\" items=\\"[object Object],[object Object]\\" itemcolor=\\"primary\\" itemdisabled=\\"disabled\\" itemtext=\\"function () { [native code] }\\" itemvalue=\\"value\\" menuprops=\\"[object Object]\\"></v-select-stub></v-col-stub> <v-col-stub cols=\\"4\\" md=\\"2\\" tag=\\"div\\"><v-select-stub errorcount=\\"1\\" errormessages=\\"\\" messages=\\"\\" rules=\\"\\" successmessages=\\"\\" value=\\"6\\" appendicon=\\"$dropdown\\" backgroundcolor=\\"\\" label=\\"属性強化\\" loaderheight=\\"2\\" clearable=\\"true\\" clearicon=\\"$clear\\" type=\\"text\\" valuecomparator=\\"function deepEqual(a, b) {
  if (a === b) return true;

  if (a instanceof Date &amp;&amp; b instanceof Date) {
    // If the values are Date, they were convert to timestamp with getTime and compare it
    if (a.getTime() !== b.getTime()) return false;
  }

  if (a !== Object(a) || b !== Object(b)) {
    // If the values aren't objects, they were already checked for equality
    return false;
  }

  var props = Object.keys(a);

  if (props.length !== Object.keys(b).length) {
    // Different number of props, don't bother to check
    return false;
  }

  return props.every(function (p) {
    return deepEqual(a[p], b[p]);
  });
}\\" nodatatext=\\"$vuetify.noDataText\\" items=\\"[object Object],[object Object],[object Object],[object Object],[object Object],[object Object]\\" itemcolor=\\"primary\\" itemdisabled=\\"disabled\\" itemtext=\\"function () { [native code] }\\" itemvalue=\\"value\\" menuprops=\\"[object Object]\\"></v-select-stub></v-col-stub> <v-col-stub cols=\\"4\\" md=\\"2\\" tag=\\"div\\"><v-select-stub errorcount=\\"1\\" errormessages=\\"\\" messages=\\"\\" rules=\\"\\" successmessages=\\"\\" appendicon=\\"$dropdown\\" backgroundcolor=\\"\\" label=\\"属性解放\\" loaderheight=\\"2\\" clearable=\\"true\\" clearicon=\\"$clear\\" type=\\"text\\" valuecomparator=\\"function deepEqual(a, b) {
  if (a === b) return true;

  if (a instanceof Date &amp;&amp; b instanceof Date) {
    // If the values are Date, they were convert to timestamp with getTime and compare it
    if (a.getTime() !== b.getTime()) return false;
  }

  if (a !== Object(a) || b !== Object(b)) {
    // If the values aren't objects, they were already checked for equality
    return false;
  }

  var props = Object.keys(a);

  if (props.length !== Object.keys(b).length) {
    // Different number of props, don't bother to check
    return false;
  }

  return props.every(function (p) {
    return deepEqual(a[p], b[p]);
  });
}\\" nodatatext=\\"$vuetify.noDataText\\" items=\\"[object Object],[object Object],[object Object]\\" itemcolor=\\"primary\\" itemdisabled=\\"disabled\\" itemtext=\\"function () { [native code] }\\" itemvalue=\\"value\\" menuprops=\\"[object Object]\\"></v-select-stub></v-col-stub> <v-col-stub cols=\\"4\\" md=\\"2\\" tag=\\"div\\"><v-select-stub errorcount=\\"1\\" errormessages=\\"\\" messages=\\"\\" rules=\\"\\" successmessages=\\"\\" appendicon=\\"$dropdown\\" backgroundcolor=\\"\\" label=\\"会心撃【属性】\\" loaderheight=\\"2\\" clearable=\\"true\\" clearicon=\\"$clear\\" type=\\"text\\" valuecomparator=\\"function deepEqual(a, b) {
  if (a === b) return true;

  if (a instanceof Date &amp;&amp; b instanceof Date) {
    // If the values are Date, they were convert to timestamp with getTime and compare it
    if (a.getTime() !== b.getTime()) return false;
  }

  if (a !== Object(a) || b !== Object(b)) {
    // If the values aren't objects, they were already checked for equality
    return false;
  }

  var props = Object.keys(a);

  if (props.length !== Object.keys(b).length) {
    // Different number of props, don't bother to check
    return false;
  }

  return props.every(function (p) {
    return deepEqual(a[p], b[p]);
  });
}\\" nodatatext=\\"$vuetify.noDataText\\" items=\\"[object Object],[object Object]\\" itemcolor=\\"primary\\" itemdisabled=\\"disabled\\" itemtext=\\"function () { [native code] }\\" itemvalue=\\"value\\" menuprops=\\"[object Object]\\"></v-select-stub></v-col-stub> <v-col-stub cols=\\"4\\" md=\\"2\\" tag=\\"div\\"><v-select-stub errorcount=\\"1\\" errormessages=\\"\\" messages=\\"\\" rules=\\"\\" successmessages=\\"\\" appendicon=\\"$dropdown\\" backgroundcolor=\\"\\" label=\\"属性加速\\" loaderheight=\\"2\\" clearable=\\"true\\" clearicon=\\"$clear\\" type=\\"text\\" valuecomparator=\\"function deepEqual(a, b) {
  if (a === b) return true;

  if (a instanceof Date &amp;&amp; b instanceof Date) {
    // If the values are Date, they were convert to timestamp with getTime and compare it
    if (a.getTime() !== b.getTime()) return false;
  }

  if (a !== Object(a) || b !== Object(b)) {
    // If the values aren't objects, they were already checked for equality
    return false;
  }

  var props = Object.keys(a);

  if (props.length !== Object.keys(b).length) {
    // Different number of props, don't bother to check
    return false;
  }

  return props.every(function (p) {
    return deepEqual(a[p], b[p]);
  });
}\\" nodatatext=\\"$vuetify.noDataText\\" items=\\"[object Object],[object Object]\\" itemcolor=\\"primary\\" itemdisabled=\\"disabled\\" itemtext=\\"function () { [native code] }\\" itemvalue=\\"value\\" menuprops=\\"[object Object]\\"></v-select-stub></v-col-stub></v-row-stub> <v-row-stub tag=\\"div\\" justify=\\"center\\"><v-btn-stub tag=\\"button\\" activeclass=\\"\\" type=\\"button\\">リセット</v-btn-stub></v-row-stub></v-container-stub>"
`;
