// Jest Snapshot v1, https://goo.gl/fbAQLP

exports[`instance should be vue instance 1`] = `
"<v-container-stub tag=\\"div\\">
  <v-row-stub tag=\\"div\\">
    <v-col-stub tag=\\"div\\">
      <div class=\\"headline\\">武器</div>
    </v-col-stub>
  </v-row-stub>
  <v-row-stub tag=\\"div\\">
    <v-col-stub tag=\\"div\\">
      <bow-stub></bow-stub>
    </v-col-stub>
  </v-row-stub>
  <customs-stub></customs-stub>
  <v-row-stub tag=\\"div\\">
    <v-col-stub tag=\\"div\\">
      <parts-stub></parts-stub>
    </v-col-stub>
  </v-row-stub>
  <v-row-stub tag=\\"div\\">
    <v-col-stub tag=\\"div\\">
      <v-text-field-stub errorcount=\\"1\\" errormessages=\\"\\" messages=\\"\\" readonly=\\"true\\" rules=\\"\\" successmessages=\\"\\" value=\\"240\\" backgroundcolor=\\"\\" label=\\"攻撃力\\" loaderheight=\\"2\\" clearicon=\\"$clear\\" reverse=\\"true\\" type=\\"text\\"></v-text-field-stub>
    </v-col-stub>
    <v-col-stub tag=\\"div\\">
      <v-text-field-stub errorcount=\\"1\\" errormessages=\\"\\" messages=\\"\\" readonly=\\"true\\" rules=\\"\\" successmessages=\\"\\" backgroundcolor=\\"\\" label=\\"武器倍率\\" loaderheight=\\"2\\" clearicon=\\"$clear\\" reverse=\\"true\\" type=\\"text\\"></v-text-field-stub>
    </v-col-stub>
    <v-col-stub tag=\\"div\\">
      <v-text-field-stub errorcount=\\"1\\" errormessages=\\"\\" messages=\\"\\" readonly=\\"true\\" rules=\\"\\" successmessages=\\"\\" value=\\"0\\" backgroundcolor=\\"\\" label=\\"会心率\\" loaderheight=\\"2\\" clearicon=\\"$clear\\" reverse=\\"true\\" type=\\"text\\"></v-text-field-stub>
    </v-col-stub>
    <v-col-stub tag=\\"div\\">
      <v-text-field-stub errorcount=\\"1\\" errormessages=\\"\\" messages=\\"\\" readonly=\\"true\\" rules=\\"\\" successmessages=\\"\\" value=\\"300\\" backgroundcolor=\\"\\" label=\\"属性値\\" loaderheight=\\"2\\" clearicon=\\"$clear\\" reverse=\\"true\\" type=\\"text\\"></v-text-field-stub>
    </v-col-stub>
  </v-row-stub>
</v-container-stub>"
`;
